// Jest Snapshot v1, https://goo.gl/fbAQLP

exports[`<NavigationFolder /> render renders component correctly 1`] = `
ShallowWrapper {
  "length": 1,
  Symbol(enzyme.__root__): [Circular],
  Symbol(enzyme.__unrendered__): <NavigationFolder
    id="0"
    name="pCloud"
    onNameClick={[Function]}
    shouldRenderIcon={false}
  />,
  Symbol(enzyme.__renderer__): Object {
    "batchedUpdates": [Function],
    "getNode": [Function],
    "render": [Function],
    "simulateEvent": [Function],
    "unmount": [Function],
  },
  Symbol(enzyme.__node__): Object {
    "instance": null,
    "key": undefined,
    "nodeType": "class",
    "props": Object {
      "children": Array [
        null,
        <NavigationFolder__FolderName
          onClick={[Function]}
        >
          pCloud
        </NavigationFolder__FolderName>,
      ],
    },
    "ref": null,
    "rendered": Array [
      null,
      Object {
        "instance": null,
        "key": undefined,
        "nodeType": "class",
        "props": Object {
          "children": "pCloud",
          "onClick": [Function],
        },
        "ref": null,
        "rendered": "pCloud",
        "type": [Function],
      },
    ],
    "type": [Function],
  },
  Symbol(enzyme.__nodes__): Array [
    Object {
      "instance": null,
      "key": undefined,
      "nodeType": "class",
      "props": Object {
        "children": Array [
          null,
          <NavigationFolder__FolderName
            onClick={[Function]}
          >
            pCloud
          </NavigationFolder__FolderName>,
        ],
      },
      "ref": null,
      "rendered": Array [
        null,
        Object {
          "instance": null,
          "key": undefined,
          "nodeType": "class",
          "props": Object {
            "children": "pCloud",
            "onClick": [Function],
          },
          "ref": null,
          "rendered": "pCloud",
          "type": [Function],
        },
      ],
      "type": [Function],
    },
  ],
  Symbol(enzyme.__options__): Object {
    "adapter": ReactSixteenAdapter {
      "options": Object {
        "enableComponentDidUpdateOnSetState": true,
      },
    },
  },
}
`;
